C51 COMPILER V9.52.0.0   MAIN                                                              03/30/2019 01:20:48 PAGE 1   


C51 COMPILER V9.52.0.0, COMPILATION OF MODULE MAIN
OBJECT MODULE PLACED IN ..\OBJ\main.obj
COMPILER INVOKED BY: D:\Keil4\C51\BIN\C51.EXE ..\CODE\main.c LARGE OBJECTADVANCED OPTIMIZE(9,SIZE) BROWSE ORDER NOAREGS 
                    -INCDIR(..\HARDWARE\ds1302;..\HARDWARE\ds18b20;..\HARDWARE\lcd;..\HARDWARE\RX8010;..\HARDWARE\sht21;..\HARDWARE\sht31;..\
                    -HARDWARE\w25x;..\SYSTEM\delay;..\SYSTEM\stc_eeprom;..\SYSTEM;..\CODE) DEBUG PRINT(.\main.lst) TABS(2) OBJECT(..\OBJ\main
                    -.obj)

line level    source

   1          #include "all.h"
   2          
   3          //2019.03.29
   4          sfr WDT_CONTR = 0xC1;
   5          
   6          void main(void)
   7          {
   8   1        Main_Tik_Tok_Initial_Fun(); //Main timescale initialization 
   9   1        Init_port();//IO,LCD,FLASH initialization
  10   1        Main_Init();//Initial variables
  11   1        HmiEnterToWorkStateFunc(Work_State);//Enter POST or service mode 
  12   1      
  13   1        while(1)
  14   1        {
  15   2          WDT_CONTR = 0x3F; //Clear WatchDog,4.55S  
  16   2          ManageTask(); //0
  17   2          KeyScanTask();//1 
  18   2          HmiServiceModeTask();//2
  19   2          HmiPostTask();//3
  20   2          HmiFactoryDefaultSelTask();//4
  21   2          HmiNon_InvasiveSelTask();//5
  22   2          HmiRunningTask();//6
  23   2          HmiSetTempPatientTask();//7
  24   2          HmiSetTempChamberTask();//8
  25   2          HmiSetInExpTask();//9
  26   2          HmiSetTimeTask();//10
  27   2          HmiScreenSaverModeTask();//11
  28   2          GetTemp_HpChamberTask();//12
  29   2          GetTempHumidity_PatientTask();//13  
  30   2          RefreshTempHumidyTask();//14
  31   2          RefreshRTCTimeTask();//15
  32   2          RefreshRunTimeTask();//16       
  33   2          HeaterWireControlTask();//17
  34   2          LowPowerModeTask();//18
  35   2          HeaterWireModeDetTask();//19
  36   2          AlarmErrorTask();//20
  37   2          LowTempDet1STask();//21
  38   2          SaveDateToFlashTask();//22
  39   2          UartRecTask();//23
  40   2        }//end while=============================
  41   1      }


MODULE INFORMATION:   STATIC OVERLAYABLE
   CODE SIZE        =     95    ----
   CONSTANT SIZE    =   ----    ----
   XDATA SIZE       =   ----    ----
   PDATA SIZE       =   ----    ----
   DATA SIZE        =   ----    ----
   IDATA SIZE       =   ----    ----
   BIT SIZE         =   ----    ----
   EDATA SIZE       =   ----    ----
C51 COMPILER V9.52.0.0   MAIN                                                              03/30/2019 01:20:48 PAGE 2   

   HDATA SIZE       =   ----    ----
   XDATA CONST SIZE =   ----    ----
   FAR CONST SIZE   =   ----    ----
END OF MODULE INFORMATION.


C51 COMPILATION COMPLETE.  0 WARNING(S),  0 ERROR(S)
